Init B started
Init B finished
Init A started
Dest B started
Dest B finished
Copy B started
Copy B finished
Init A finished
Dest A started
Dest B started
Dest B finished
Dest A finished
-
Init B started
Init B finished
Copy B started
Copy B finished
Init A started
Dest B started
Dest B finished
Copy B started
Copy B finished
Init A finished
Dest A started
Dest B started
Dest B finished
Dest A finished

